// Jest Snapshot v1, https://goo.gl/fbAQLP

exports[`Dropdown renders correctly with array of options 1`] = `
<div
  className=""
>
  <div
    className="dropdown-screen"
    onClick={[Function]}
  >
    <div
      className="dropdown-container"
    >
      <div
        className="dropdown-selected"
        onClick={[Function]}
      >
        <div>
          All networks
        </div>
      </div>
      <div
        className="dropdown-items-container"
      >
        <div
          className="dropdown-items"
        >
          <div
            className="dropdown-item
                none
                selected"
            onClick={[Function]}
          >
            All networks
          </div>
          <div
            className="dropdown-item
                none
                "
            onClick={[Function]}
          >
            Mainnet
          </div>
          <div
            className="dropdown-item
                none
                "
            onClick={[Function]}
          >
            Testnet
          </div>
          <div
            className="dropdown-item
                none
                "
            onClick={[Function]}
          >
            Networkname #1
          </div>
        </div>
      </div>
    </div>
  </div>
</div>
`;

exports[`Dropdown renders correctly with options object 1`] = `
<div
  className=""
>
  <div
    className="dropdown-screen"
    onClick={[Function]}
  >
    <div
      className="dropdown-container"
    >
      <div
        className="dropdown-selected"
        onClick={[Function]}
      >
        <div>
          All networks
        </div>
      </div>
      <div
        className="dropdown-items-container"
      >
        <div
          className="dropdown-items"
        >
          <div
            className="dropdown-item
                none
                selected"
            onClick={[Function]}
          >
            All networks
          </div>
          <div
            className="dropdown-item
                none
                "
            onClick={[Function]}
          >
            Testnet
          </div>
          <div
            className="dropdown-item
                none
                "
            onClick={[Function]}
          >
            Networkname #1
          </div>
          <div
            className="dropdown-item
                none
                "
            onClick={[Function]}
          >
            Mainnet
          </div>
        </div>
      </div>
    </div>
  </div>
</div>
`;
