// Jest Snapshot v1, https://goo.gl/fbAQLP

exports[`Input prompt renders correctly 1`] = `
Array [
  <div
    className="prompt-overlay prompt-show"
  >
    <div
      className="prompt-modal"
    >
      <h2
        className="prompt-title"
      >
        Make input
      </h2>
      <form
        onSubmit={[Function]}
      >
        <div
          className="label"
        />
        <div
          className="inputform-container"
        >
          <div
            className="input-label"
          />
          <input
            className="inputform  "
            id="prompt-input"
            onChange={[Function]}
            value=""
          />
          <div
            className="input-eye none"
          />
        </div>
        <div
          className="error-message"
        />
      </form>
      <div
        className="button-control"
      >
        <div
          className="prompt-cancel-button"
        >
          <button
            className="button btn-destructive  "
            onClick={[Function]}
          >
            <div
              className=""
            >
              Cancel
            </div>
          </button>
        </div>
        <div
          className="prompt-confirm-button"
        >
          <button
            className="button btn-primary  "
            onClick={[Function]}
          >
            <div
              className=""
            >
              OK
            </div>
          </button>
        </div>
      </div>
    </div>
  </div>,
  <div
    className="loading-container none"
  >
    <div
      className="loading title"
    >
      <h1>
        Confirming...
      </h1>
    </div>
    <div />
    <img
      className="loading-logo"
      src="test-file-stub"
    />
  </div>,
]
`;
